net.ipv4.ip_forward = 1
(field_trial.cc:164): Setting field trial string:
Send: HTTP/1.1 200 Added
Server: PeerConnectionTestServer/0.1
Cache-Control: no-cache
Connection: close
Content-Type: text/plain
Content-Length: 16
Pragma: 1
Access-Control-Allow-Origin: *
Access-Control-Allow-Credentials: true
Access-Control-Allow-Methods: POST, GET, OPTIONS
Access-Control-Allow-Headers: Content-Type, Content-Length, Connection, Cache-Control
Access-Control-Expose-Headers: Content-Length

user@eez221,1,1

Send: HTTP/1.1 200 OK
Server: PeerConnectionTestServer/0.1
Cache-Control: no-cache
Connection: close
Content-Type: text/plain
Content-Length: 16
Pragma: 1
Access-Control-Allow-Origin: *
Access-Control-Allow-Credentials: true
Access-Control-Allow-Methods: POST, GET, OPTIONS
Access-Control-Allow-Headers: Content-Type, Content-Length, Connection, Cache-Control
Access-Control-Expose-Headers: Content-Length

user@eez221,2,1

Send: HTTP/1.1 200 Added
Server: PeerConnectionTestServer/0.1
Cache-Control: no-cache
Connection: close
Content-Type: text/plain
Content-Length: 32
Pragma: 2
Access-Control-Allow-Origin: *
Access-Control-Allow-Credentials: true
Access-Control-Allow-Methods: POST, GET, OPTIONS
Access-Control-Allow-Headers: Content-Type, Content-Length, Connection, Cache-Control
Access-Control-Expose-Headers: Content-Length

user@eez221,2,1
user@eez221,1,1

Send: HTTP/1.1 200 OK
Server: PeerConnectionTestServer/0.1
Cache-Control: no-cache
Connection: close
Content-Type: text/plain
Content-Length: 3385
Pragma: 2
Access-Control-Allow-Origin: *
Access-Control-Allow-Credentials: true
Access-Control-Allow-Methods: POST, GET, OPTIONS
Access-Control-Allow-Headers: Content-Type, Content-Length, Connection, Cache-Control
Access-Control-Expose-Headers: Content-Length

{
	"sdp" : "v=0\r\no=- 8670742714677507564 2 IN IP4 127.0.0.1\r\ns=-\r\nt=0 0\r\na=group:BUNDLE 0\r\na=extmap-allow-mixed\r\na=msid-semantic: WMS stream_id\r\nm=video 9 UDP/TLS/RTP/SAVPF 96 97 98 99 100 101 127 103 104 105 35 36 106 107 108\r\nc=IN IP4 0.0.0.0\r\na=rtcp:9 IN IP4 0.0.0.0\r\na=ice-ufrag:Vu6t\r\na=ice-pwd:fYlEVbQdztmJZ5PCGjRJKald\r\na=ice-options:trickle\r\na=fingerprint:sha-256 C6:49:BB:E0:EF:5C:2A:96:5B:BF:F3:54:98:4B:96:80:F0:31:49:4B:F1:A1:66:19:8A:64:03:4A:FF:4B:99:9A\r\na=setup:actpass\r\na=mid:0\r\na=extmap:1 urn:ietf:params:rtp-hdrext:toffset\r\na=extmap:2 http://www.webrtc.org/experiments/rtp-hdrext/abs-send-time\r\na=extmap:3 urn:3gpp:video-orientation\r\na=extmap:4 http://www.ietf.org/id/draft-holmer-rmcat-transport-wide-cc-extensions-01\r\na=extmap:5 http://www.webrtc.org/experiments/rtp-hdrext/playout-delay\r\na=extmap:6 http://www.webrtc.org/experiments/rtp-hdrext/video-content-type\r\na=extmap:7 http://www.webrtc.org/experiments/rtp-hdrext/video-timing\r\na=extmap:8 http://www.webrtc.org/experiments/rtp-hdrext/color-space\r\na=extmap:9 urn:ietf:params:rtp-hdrext:sdes:mid\r\na=extmap:10 urn:ietf:params:rtp-hdrext:sdes:rtp-stream-id\r\na=extmap:11 urn:ietf:params:rtp-hdrext:sdes:repaired-rtp-stream-id\r\na=sendrecv\r\na=msid:stream_id video_label\r\na=rtcp-mux\r\na=rtcp-rsize\r\na=rtpmap:96 H264/90000\r\na=rtcp-fb:96 goog-remb\r\na=rtcp-fb:96 transport-cc\r\na=rtcp-fb:96 ccm fir\r\na=rtcp-fb:96 nack\r\na=rtcp-fb:96 nack pli\r\na=fmtp:96 level-asymmetry-allowed=1;packetization-mode=1;profile-level-id=42001f\r\na=rtpmap:97 rtx/90000\r\na=fmtp:97 apt=96\r\na=rtpmap:98 H264/90000\r\na=rtcp-fb:98 goog-remb\r\na=rtcp-fb:98 transport-cc\r\na=rtcp-fb:98 ccm fir\r\na=rtcp-fb:98 nack\r\na=rtcp-fb:98 nack pli\r\na=fmtp:98 level-asymmetry-allowed=1;packetization-mode=0;profile-level-id=42001f\r\na=rtpmap:99 rtx/90000\r\na=fmtp:99 apt=98\r\na=rtpmap:100 H264/90000\r\na=rtcp-fb:100 goog-remb\r\na=rtcp-fb:100 transport-cc\r\na=rtcp-fb:100 ccm fir\r\na=rtcp-fb:100 nack\r\na=rtcp-fb:100 nack pli\r\na=fmtp:100 level-asymmetry-allowed=1;packetization-mode=1;profile-level-id=42e01f\r\na=rtpmap:101 rtx/90000\r\na=fmtp:101 apt=100\r\na=rtpmap:127 H264/90000\r\na=rtcp-fb:127 goog-remb\r\na=rtcp-fb:127 transport-cc\r\na=rtcp-fb:127 ccm fir\r\na=rtcp-fb:127 nack\r\na=rtcp-fb:127 nack pli\r\na=fmtp:127 level-asymmetry-allowed=1;packetization-mode=0;profile-level-id=42e01f\r\na=rtpmap:103 rtx/90000\r\na=fmtp:103 apt=127\r\na=rtpmap:104 H264/90000\r\na=rtcp-fb:104 goog-remb\r\na=rtcp-fb:104 transport-cc\r\na=rtcp-fb:104 ccm fir\r\na=rtcp-fb:104 nack\r\na=rtcp-fb:104 nack pli\r\na=fmtp:104 level-asymmetry-allowed=1;packetization-mode=1;profile-level-id=4d001f\r\na=rtpmap:105 rtx/90000\r\na=fmtp:105 apt=104\r\na=rtpmap:35 H264/90000\r\na=rtcp-fb:35 goog-remb\r\na=rtcp-fb:35 transport-cc\r\na=rtcp-fb:35 ccm fir\r\na=rtcp-fb:35 nack\r\na=rtcp-fb:35 nack pli\r\na=fmtp:35 level-asymmetry-allowed=1;packetization-mode=0;profile-level-id=4d001f\r\na=rtpmap:36 rtx/90000\r\na=fmtp:36 apt=35\r\na=rtpmap:106 red/90000\r\na=rtpmap:107 rtx/90000\r\na=fmtp:107 apt=106\r\na=rtpmap:108 ulpfec/90000\r\na=ssrc-group:FID 2448163889 619246798\r\na=ssrc:2448163889 cname:u9usZapfqG8HUs+h\r\na=ssrc:2448163889 msid:stream_id video_label\r\na=ssrc:619246798 cname:u9usZapfqG8HUs+h\r\na=ssrc:619246798 msid:stream_id video_label\r\n",
	"type" : "offer"
}
Send: HTTP/1.1 200 OK
Server: PeerConnectionTestServer/0.1
Cache-Control: no-cache
Connection: close
Content-Type: text/plain
Content-Length: 0
Access-Control-Allow-Origin: *
Access-Control-Allow-Credentials: true
Access-Control-Allow-Methods: POST, GET, OPTIONS
Access-Control-Allow-Headers: Content-Type, Content-Length, Connection, Cache-Control
Access-Control-Expose-Headers: Content-Length


Send: HTTP/1.1 200 OK
Server: PeerConnectionTestServer/0.1
Cache-Control: no-cache
Connection: close
Content-Type: text/plain
Content-Length: 0
Access-Control-Allow-Origin: *
Access-Control-Allow-Credentials: true
Access-Control-Allow-Methods: POST, GET, OPTIONS
Access-Control-Allow-Headers: Content-Type, Content-Length, Connection, Cache-Control
Access-Control-Expose-Headers: Content-Length


Send: HTTP/1.1 200 OK
Server: PeerConnectionTestServer/0.1
Cache-Control: no-cache
Connection: close
Content-Type: text/plain
Content-Length: 178
Pragma: 2
Access-Control-Allow-Origin: *
Access-Control-Allow-Credentials: true
Access-Control-Allow-Methods: POST, GET, OPTIONS
Access-Control-Allow-Headers: Content-Type, Content-Length, Connection, Cache-Control
Access-Control-Expose-Headers: Content-Length

{
	"candidate" : "candidate:385852759 1 udp 2122260223 143.89.46.221 52214 typ host generation 0 ufrag Vu6t network-id 1 network-cost 50",
	"sdpMLineIndex" : 0,
	"sdpMid" : "0"
}
Send: HTTP/1.1 200 OK
Server: PeerConnectionTestServer/0.1
Cache-Control: no-cache
Connection: close
Content-Type: text/plain
Content-Length: 3120
Pragma: 1
Access-Control-Allow-Origin: *
Access-Control-Allow-Credentials: true
Access-Control-Allow-Methods: POST, GET, OPTIONS
Access-Control-Allow-Headers: Content-Type, Content-Length, Connection, Cache-Control
Access-Control-Expose-Headers: Content-Length

{
	"sdp" : "v=0\r\no=- 7755170886220095506 2 IN IP4 127.0.0.1\r\ns=-\r\nt=0 0\r\na=group:BUNDLE 0\r\na=extmap-allow-mixed\r\na=msid-semantic: WMS\r\nm=video 9 UDP/TLS/RTP/SAVPF 96 97 98 99 100 101 127 103 104 105 35 36 106 107 108\r\nc=IN IP4 0.0.0.0\r\na=rtcp:9 IN IP4 0.0.0.0\r\na=ice-ufrag:02mn\r\na=ice-pwd:toXU8PfmX0gPrtPH0nZVL4+8\r\na=ice-options:trickle\r\na=fingerprint:sha-256 7D:B7:69:36:7E:32:31:7C:11:11:34:66:3F:2D:5A:ED:46:17:B0:04:19:93:9B:F7:BA:32:4E:D6:A3:31:4B:AB\r\na=setup:active\r\na=mid:0\r\na=extmap:1 urn:ietf:params:rtp-hdrext:toffset\r\na=extmap:2 http://www.webrtc.org/experiments/rtp-hdrext/abs-send-time\r\na=extmap:3 urn:3gpp:video-orientation\r\na=extmap:4 http://www.ietf.org/id/draft-holmer-rmcat-transport-wide-cc-extensions-01\r\na=extmap:5 http://www.webrtc.org/experiments/rtp-hdrext/playout-delay\r\na=extmap:6 http://www.webrtc.org/experiments/rtp-hdrext/video-content-type\r\na=extmap:7 http://www.webrtc.org/experiments/rtp-hdrext/video-timing\r\na=extmap:8 http://www.webrtc.org/experiments/rtp-hdrext/color-space\r\na=extmap:9 urn:ietf:params:rtp-hdrext:sdes:mid\r\na=extmap:10 urn:ietf:params:rtp-hdrext:sdes:rtp-stream-id\r\na=extmap:11 urn:ietf:params:rtp-hdrext:sdes:repaired-rtp-stream-id\r\na=recvonly\r\na=rtcp-mux\r\na=rtcp-rsize\r\na=rtpmap:96 H264/90000\r\na=rtcp-fb:96 goog-remb\r\na=rtcp-fb:96 transport-cc\r\na=rtcp-fb:96 ccm fir\r\na=rtcp-fb:96 nack\r\na=rtcp-fb:96 nack pli\r\na=fmtp:96 level-asymmetry-allowed=1;packetization-mode=1;profile-level-id=42001f\r\na=rtpmap:97 rtx/90000\r\na=fmtp:97 apt=96\r\na=rtpmap:98 H264/90000\r\na=rtcp-fb:98 goog-remb\r\na=rtcp-fb:98 transport-cc\r\na=rtcp-fb:98 ccm fir\r\na=rtcp-fb:98 nack\r\na=rtcp-fb:98 nack pli\r\na=fmtp:98 level-asymmetry-allowed=1;packetization-mode=0;profile-level-id=42001f\r\na=rtpmap:99 rtx/90000\r\na=fmtp:99 apt=98\r\na=rtpmap:100 H264/90000\r\na=rtcp-fb:100 goog-remb\r\na=rtcp-fb:100 transport-cc\r\na=rtcp-fb:100 ccm fir\r\na=rtcp-fb:100 nack\r\na=rtcp-fb:100 nack pli\r\na=fmtp:100 level-asymmetry-allowed=1;packetization-mode=1;profile-level-id=42e01f\r\na=rtpmap:101 rtx/90000\r\na=fmtp:101 apt=100\r\na=rtpmap:127 H264/90000\r\na=rtcp-fb:127 goog-remb\r\na=rtcp-fb:127 transport-cc\r\na=rtcp-fb:127 ccm fir\r\na=rtcp-fb:127 nack\r\na=rtcp-fb:127 nack pli\r\na=fmtp:127 level-asymmetry-allowed=1;packetization-mode=0;profile-level-id=42e01f\r\na=rtpmap:103 rtx/90000\r\na=fmtp:103 apt=127\r\na=rtpmap:104 H264/90000\r\na=rtcp-fb:104 goog-remb\r\na=rtcp-fb:104 transport-cc\r\na=rtcp-fb:104 ccm fir\r\na=rtcp-fb:104 nack\r\na=rtcp-fb:104 nack pli\r\na=fmtp:104 level-asymmetry-allowed=1;packetization-mode=1;profile-level-id=4d001f\r\na=rtpmap:105 rtx/90000\r\na=fmtp:105 apt=104\r\na=rtpmap:35 H264/90000\r\na=rtcp-fb:35 goog-remb\r\na=rtcp-fb:35 transport-cc\r\na=rtcp-fb:35 ccm fir\r\na=rtcp-fb:35 nack\r\na=rtcp-fb:35 nack pli\r\na=fmtp:35 level-asymmetry-allowed=1;packetization-mode=0;profile-level-id=4d001f\r\na=rtpmap:36 rtx/90000\r\na=fmtp:36 apt=35\r\na=rtpmap:106 red/90000\r\na=rtpmap:107 rtx/90000\r\na=fmtp:107 apt=106\r\na=rtpmap:108 ulpfec/90000\r\n",
	"type" : "answer"
}
Send: HTTP/1.1 200 OK
Server: PeerConnectionTestServer/0.1
Cache-Control: no-cache
Connection: close
Content-Type: text/plain
Content-Length: 0
Access-Control-Allow-Origin: *
Access-Control-Allow-Credentials: true
Access-Control-Allow-Methods: POST, GET, OPTIONS
Access-Control-Allow-Headers: Content-Type, Content-Length, Connection, Cache-Control
Access-Control-Expose-Headers: Content-Length


Send: HTTP/1.1 200 OK
Server: PeerConnectionTestServer/0.1
Cache-Control: no-cache
Connection: close
Content-Type: text/plain
Content-Length: 0
Access-Control-Allow-Origin: *
Access-Control-Allow-Credentials: true
Access-Control-Allow-Methods: POST, GET, OPTIONS
Access-Control-Allow-Headers: Content-Type, Content-Length, Connection, Cache-Control
Access-Control-Expose-Headers: Content-Length


Send: HTTP/1.1 200 OK
Server: PeerConnectionTestServer/0.1
Cache-Control: no-cache
Connection: close
Content-Type: text/plain
Content-Length: 179
Pragma: 2
Access-Control-Allow-Origin: *
Access-Control-Allow-Credentials: true
Access-Control-Allow-Methods: POST, GET, OPTIONS
Access-Control-Allow-Headers: Content-Type, Content-Length, Connection, Cache-Control
Access-Control-Expose-Headers: Content-Length

{
	"candidate" : "candidate:1276996118 1 udp 2122194687 143.89.192.50 40508 typ host generation 0 ufrag Vu6t network-id 2 network-cost 50",
	"sdpMLineIndex" : 0,
	"sdpMid" : "0"
}
Send: HTTP/1.1 200 OK
Server: PeerConnectionTestServer/0.1
Cache-Control: no-cache
Connection: close
Content-Type: text/plain
Content-Length: 176
Pragma: 1
Access-Control-Allow-Origin: *
Access-Control-Allow-Credentials: true
Access-Control-Allow-Methods: POST, GET, OPTIONS
Access-Control-Allow-Headers: Content-Type, Content-Length, Connection, Cache-Control
Access-Control-Expose-Headers: Content-Length

{
	"candidate" : "candidate:4039528332 1 udp 2122260223 100.64.0.2 49022 typ host generation 0 ufrag 02mn network-id 1 network-cost 50",
	"sdpMLineIndex" : 0,
	"sdpMid" : "0"
}
Send: HTTP/1.1 200 OK
Server: PeerConnectionTestServer/0.1
Cache-Control: no-cache
Connection: close
Content-Type: text/plain
Content-Length: 0
Access-Control-Allow-Origin: *
Access-Control-Allow-Credentials: true
Access-Control-Allow-Methods: POST, GET, OPTIONS
Access-Control-Allow-Headers: Content-Type, Content-Length, Connection, Cache-Control
Access-Control-Expose-Headers: Content-Length


Send: HTTP/1.1 200 OK
Server: PeerConnectionTestServer/0.1
Cache-Control: no-cache
Connection: close
Content-Type: text/plain
Content-Length: 0
Access-Control-Allow-Origin: *
Access-Control-Allow-Credentials: true
Access-Control-Allow-Methods: POST, GET, OPTIONS
Access-Control-Allow-Headers: Content-Type, Content-Length, Connection, Cache-Control
Access-Control-Expose-Headers: Content-Length


Send: HTTP/1.1 200 OK
Server: PeerConnectionTestServer/0.1
Cache-Control: no-cache
Connection: close
Content-Type: text/plain
Content-Length: 176
Pragma: 2
Access-Control-Allow-Origin: *
Access-Control-Allow-Credentials: true
Access-Control-Allow-Methods: POST, GET, OPTIONS
Access-Control-Allow-Headers: Content-Type, Content-Length, Connection, Cache-Control
Access-Control-Expose-Headers: Content-Length

{
	"candidate" : "candidate:3303128767 1 udp 2122129151 100.64.0.1 46777 typ host generation 0 ufrag Vu6t network-id 3 network-cost 50",
	"sdpMLineIndex" : 0,
	"sdpMid" : "0"
}
Send: HTTP/1.1 200 OK
Server: PeerConnectionTestServer/0.1
Cache-Control: no-cache
Connection: close
Content-Type: text/plain
Content-Length: 191
Pragma: 1
Access-Control-Allow-Origin: *
Access-Control-Allow-Credentials: true
Access-Control-Allow-Methods: POST, GET, OPTIONS
Access-Control-Allow-Headers: Content-Type, Content-Length, Connection, Cache-Control
Access-Control-Expose-Headers: Content-Length

{
	"candidate" : "candidate:241998616 1 tcp 1518280447 100.64.0.2 44505 typ host tcptype passive generation 0 ufrag 02mn network-id 1 network-cost 50",
	"sdpMLineIndex" : 0,
	"sdpMid" : "0"
}
Send: HTTP/1.1 200 OK
Server: PeerConnectionTestServer/0.1
Cache-Control: no-cache
Connection: close
Content-Type: text/plain
Content-Length: 0
Access-Control-Allow-Origin: *
Access-Control-Allow-Credentials: true
Access-Control-Allow-Methods: POST, GET, OPTIONS
Access-Control-Allow-Headers: Content-Type, Content-Length, Connection, Cache-Control
Access-Control-Expose-Headers: Content-Length


Send: HTTP/1.1 200 OK
Server: PeerConnectionTestServer/0.1
Cache-Control: no-cache
Connection: close
Content-Type: text/plain
Content-Length: 0
Access-Control-Allow-Origin: *
Access-Control-Allow-Credentials: true
Access-Control-Allow-Methods: POST, GET, OPTIONS
Access-Control-Allow-Headers: Content-Type, Content-Length, Connection, Cache-Control
Access-Control-Expose-Headers: Content-Length


Send: HTTP/1.1 200 OK
Server: PeerConnectionTestServer/0.1
Cache-Control: no-cache
Connection: close
Content-Type: text/plain
Content-Length: 195
Pragma: 2
Access-Control-Allow-Origin: *
Access-Control-Allow-Credentials: true
Access-Control-Allow-Methods: POST, GET, OPTIONS
Access-Control-Allow-Headers: Content-Type, Content-Length, Connection, Cache-Control
Access-Control-Expose-Headers: Content-Length

{
	"candidate" : "candidate:3897913795 1 tcp 1518280447 143.89.46.221 50589 typ host tcptype passive generation 0 ufrag Vu6t network-id 1 network-cost 50",
	"sdpMLineIndex" : 0,
	"sdpMid" : "0"
}
Send: HTTP/1.1 200 OK
Server: PeerConnectionTestServer/0.1
Cache-Control: no-cache
Connection: close
Content-Type: text/plain
Content-Length: 0
Access-Control-Allow-Origin: *
Access-Control-Allow-Credentials: true
Access-Control-Allow-Methods: POST, GET, OPTIONS
Access-Control-Allow-Headers: Content-Type, Content-Length, Connection, Cache-Control
Access-Control-Expose-Headers: Content-Length


Send: HTTP/1.1 200 OK
Server: PeerConnectionTestServer/0.1
Cache-Control: no-cache
Connection: close
Content-Type: text/plain
Content-Length: 195
Pragma: 2
Access-Control-Allow-Origin: *
Access-Control-Allow-Credentials: true
Access-Control-Allow-Methods: POST, GET, OPTIONS
Access-Control-Allow-Headers: Content-Type, Content-Length, Connection, Cache-Control
Access-Control-Expose-Headers: Content-Length

{
	"candidate" : "candidate:2998386306 1 tcp 1518214911 143.89.192.50 45663 typ host tcptype passive generation 0 ufrag Vu6t network-id 2 network-cost 50",
	"sdpMLineIndex" : 0,
	"sdpMid" : "0"
}
Send: HTTP/1.1 200 OK
Server: PeerConnectionTestServer/0.1
Cache-Control: no-cache
Connection: close
Content-Type: text/plain
Content-Length: 0
Access-Control-Allow-Origin: *
Access-Control-Allow-Credentials: true
Access-Control-Allow-Methods: POST, GET, OPTIONS
Access-Control-Allow-Headers: Content-Type, Content-Length, Connection, Cache-Control
Access-Control-Expose-Headers: Content-Length


Send: HTTP/1.1 200 OK
Server: PeerConnectionTestServer/0.1
Cache-Control: no-cache
Connection: close
Content-Type: text/plain
Content-Length: 191
Pragma: 2
Access-Control-Allow-Origin: *
Access-Control-Allow-Credentials: true
Access-Control-Allow-Methods: POST, GET, OPTIONS
Access-Control-Allow-Headers: Content-Type, Content-Length, Connection, Cache-Control
Access-Control-Expose-Headers: Content-Length

{
	"candidate" : "candidate:978020907 1 tcp 1518149375 100.64.0.1 51147 typ host tcptype passive generation 0 ufrag Vu6t network-id 3 network-cost 50",
	"sdpMLineIndex" : 0,
	"sdpMid" : "0"
}
/home/xiangjie/sparkrtc/out/t/peerconnection_localvideo --recon recon/recon.yuv --server 100.64.0.1 --logname recv --port 8989 2> logs/recv_stderr.log &

Test Done!
cp: -r not specified; omitting directory 'logs/stall_windows'
cp: -r not specified; omitting directory 'logs/stall_windows_test'
