net.ipv4.ip_forward = 1
(field_trial.cc:164): Setting field trial string:
Send: HTTP/1.1 200 Added
Server: PeerConnectionTestServer/0.1
Cache-Control: no-cache
Connection: close
Content-Type: text/plain
Content-Length: 16
Pragma: 1
Access-Control-Allow-Origin: *
Access-Control-Allow-Credentials: true
Access-Control-Allow-Methods: POST, GET, OPTIONS
Access-Control-Allow-Headers: Content-Type, Content-Length, Connection, Cache-Control
Access-Control-Expose-Headers: Content-Length

user@eez221,1,1

Send: HTTP/1.1 200 OK
Server: PeerConnectionTestServer/0.1
Cache-Control: no-cache
Connection: close
Content-Type: text/plain
Content-Length: 16
Pragma: 1
Access-Control-Allow-Origin: *
Access-Control-Allow-Credentials: true
Access-Control-Allow-Methods: POST, GET, OPTIONS
Access-Control-Allow-Headers: Content-Type, Content-Length, Connection, Cache-Control
Access-Control-Expose-Headers: Content-Length

user@eez221,2,1

Send: HTTP/1.1 200 Added
Server: PeerConnectionTestServer/0.1
Cache-Control: no-cache
Connection: close
Content-Type: text/plain
Content-Length: 32
Pragma: 2
Access-Control-Allow-Origin: *
Access-Control-Allow-Credentials: true
Access-Control-Allow-Methods: POST, GET, OPTIONS
Access-Control-Allow-Headers: Content-Type, Content-Length, Connection, Cache-Control
Access-Control-Expose-Headers: Content-Length

user@eez221,2,1
user@eez221,1,1

Send: HTTP/1.1 200 OK
Server: PeerConnectionTestServer/0.1
Cache-Control: no-cache
Connection: close
Content-Type: text/plain
Content-Length: 3388
Pragma: 2
Access-Control-Allow-Origin: *
Access-Control-Allow-Credentials: true
Access-Control-Allow-Methods: POST, GET, OPTIONS
Access-Control-Allow-Headers: Content-Type, Content-Length, Connection, Cache-Control
Access-Control-Expose-Headers: Content-Length

{
	"sdp" : "v=0\r\no=- 3060402501459281819 2 IN IP4 127.0.0.1\r\ns=-\r\nt=0 0\r\na=group:BUNDLE 0\r\na=extmap-allow-mixed\r\na=msid-semantic: WMS stream_id\r\nm=video 9 UDP/TLS/RTP/SAVPF 96 97 98 99 100 101 127 103 104 105 35 36 106 107 108\r\nc=IN IP4 0.0.0.0\r\na=rtcp:9 IN IP4 0.0.0.0\r\na=ice-ufrag:iVu3\r\na=ice-pwd:hrNJRNdGB9JXhvKCwzfYGBmN\r\na=ice-options:trickle\r\na=fingerprint:sha-256 47:45:A8:40:23:D0:E1:28:66:22:17:B3:EA:6F:D6:AE:5E:66:5D:A7:CE:70:67:DF:E0:5C:7D:9A:61:61:0E:D5\r\na=setup:actpass\r\na=mid:0\r\na=extmap:1 urn:ietf:params:rtp-hdrext:toffset\r\na=extmap:2 http://www.webrtc.org/experiments/rtp-hdrext/abs-send-time\r\na=extmap:3 urn:3gpp:video-orientation\r\na=extmap:4 http://www.ietf.org/id/draft-holmer-rmcat-transport-wide-cc-extensions-01\r\na=extmap:5 http://www.webrtc.org/experiments/rtp-hdrext/playout-delay\r\na=extmap:6 http://www.webrtc.org/experiments/rtp-hdrext/video-content-type\r\na=extmap:7 http://www.webrtc.org/experiments/rtp-hdrext/video-timing\r\na=extmap:8 http://www.webrtc.org/experiments/rtp-hdrext/color-space\r\na=extmap:9 urn:ietf:params:rtp-hdrext:sdes:mid\r\na=extmap:10 urn:ietf:params:rtp-hdrext:sdes:rtp-stream-id\r\na=extmap:11 urn:ietf:params:rtp-hdrext:sdes:repaired-rtp-stream-id\r\na=sendrecv\r\na=msid:stream_id video_label\r\na=rtcp-mux\r\na=rtcp-rsize\r\na=rtpmap:96 H264/90000\r\na=rtcp-fb:96 goog-remb\r\na=rtcp-fb:96 transport-cc\r\na=rtcp-fb:96 ccm fir\r\na=rtcp-fb:96 nack\r\na=rtcp-fb:96 nack pli\r\na=fmtp:96 level-asymmetry-allowed=1;packetization-mode=1;profile-level-id=42001f\r\na=rtpmap:97 rtx/90000\r\na=fmtp:97 apt=96\r\na=rtpmap:98 H264/90000\r\na=rtcp-fb:98 goog-remb\r\na=rtcp-fb:98 transport-cc\r\na=rtcp-fb:98 ccm fir\r\na=rtcp-fb:98 nack\r\na=rtcp-fb:98 nack pli\r\na=fmtp:98 level-asymmetry-allowed=1;packetization-mode=0;profile-level-id=42001f\r\na=rtpmap:99 rtx/90000\r\na=fmtp:99 apt=98\r\na=rtpmap:100 H264/90000\r\na=rtcp-fb:100 goog-remb\r\na=rtcp-fb:100 transport-cc\r\na=rtcp-fb:100 ccm fir\r\na=rtcp-fb:100 nack\r\na=rtcp-fb:100 nack pli\r\na=fmtp:100 level-asymmetry-allowed=1;packetization-mode=1;profile-level-id=42e01f\r\na=rtpmap:101 rtx/90000\r\na=fmtp:101 apt=100\r\na=rtpmap:127 H264/90000\r\na=rtcp-fb:127 goog-remb\r\na=rtcp-fb:127 transport-cc\r\na=rtcp-fb:127 ccm fir\r\na=rtcp-fb:127 nack\r\na=rtcp-fb:127 nack pli\r\na=fmtp:127 level-asymmetry-allowed=1;packetization-mode=0;profile-level-id=42e01f\r\na=rtpmap:103 rtx/90000\r\na=fmtp:103 apt=127\r\na=rtpmap:104 H264/90000\r\na=rtcp-fb:104 goog-remb\r\na=rtcp-fb:104 transport-cc\r\na=rtcp-fb:104 ccm fir\r\na=rtcp-fb:104 nack\r\na=rtcp-fb:104 nack pli\r\na=fmtp:104 level-asymmetry-allowed=1;packetization-mode=1;profile-level-id=4d001f\r\na=rtpmap:105 rtx/90000\r\na=fmtp:105 apt=104\r\na=rtpmap:35 H264/90000\r\na=rtcp-fb:35 goog-remb\r\na=rtcp-fb:35 transport-cc\r\na=rtcp-fb:35 ccm fir\r\na=rtcp-fb:35 nack\r\na=rtcp-fb:35 nack pli\r\na=fmtp:35 level-asymmetry-allowed=1;packetization-mode=0;profile-level-id=4d001f\r\na=rtpmap:36 rtx/90000\r\na=fmtp:36 apt=35\r\na=rtpmap:106 red/90000\r\na=rtpmap:107 rtx/90000\r\na=fmtp:107 apt=106\r\na=rtpmap:108 ulpfec/90000\r\na=ssrc-group:FID 1525445873 2079794872\r\na=ssrc:1525445873 cname:/AmFXysTJxbl6exu\r\na=ssrc:1525445873 msid:stream_id video_label\r\na=ssrc:2079794872 cname:/AmFXysTJxbl6exu\r\na=ssrc:2079794872 msid:stream_id video_label\r\n",
	"type" : "offer"
}
Send: HTTP/1.1 200 OK
Server: PeerConnectionTestServer/0.1
Cache-Control: no-cache
Connection: close
Content-Type: text/plain
Content-Length: 0
Access-Control-Allow-Origin: *
Access-Control-Allow-Credentials: true
Access-Control-Allow-Methods: POST, GET, OPTIONS
Access-Control-Allow-Headers: Content-Type, Content-Length, Connection, Cache-Control
Access-Control-Expose-Headers: Content-Length


Send: HTTP/1.1 200 OK
Server: PeerConnectionTestServer/0.1
Cache-Control: no-cache
Connection: close
Content-Type: text/plain
Content-Length: 0
Access-Control-Allow-Origin: *
Access-Control-Allow-Credentials: true
Access-Control-Allow-Methods: POST, GET, OPTIONS
Access-Control-Allow-Headers: Content-Type, Content-Length, Connection, Cache-Control
Access-Control-Expose-Headers: Content-Length


Send: HTTP/1.1 200 OK
Server: PeerConnectionTestServer/0.1
Cache-Control: no-cache
Connection: close
Content-Type: text/plain
Content-Length: 178
Pragma: 2
Access-Control-Allow-Origin: *
Access-Control-Allow-Credentials: true
Access-Control-Allow-Methods: POST, GET, OPTIONS
Access-Control-Allow-Headers: Content-Type, Content-Length, Connection, Cache-Control
Access-Control-Expose-Headers: Content-Length

{
	"candidate" : "candidate:402173647 1 udp 2122260223 143.89.46.221 58676 typ host generation 0 ufrag iVu3 network-id 1 network-cost 50",
	"sdpMLineIndex" : 0,
	"sdpMid" : "0"
}
Send: HTTP/1.1 200 OK
Server: PeerConnectionTestServer/0.1
Cache-Control: no-cache
Connection: close
Content-Type: text/plain
Content-Length: 3120
Pragma: 1
Access-Control-Allow-Origin: *
Access-Control-Allow-Credentials: true
Access-Control-Allow-Methods: POST, GET, OPTIONS
Access-Control-Allow-Headers: Content-Type, Content-Length, Connection, Cache-Control
Access-Control-Expose-Headers: Content-Length

{
	"sdp" : "v=0\r\no=- 1634619657196698826 2 IN IP4 127.0.0.1\r\ns=-\r\nt=0 0\r\na=group:BUNDLE 0\r\na=extmap-allow-mixed\r\na=msid-semantic: WMS\r\nm=video 9 UDP/TLS/RTP/SAVPF 96 97 98 99 100 101 127 103 104 105 35 36 106 107 108\r\nc=IN IP4 0.0.0.0\r\na=rtcp:9 IN IP4 0.0.0.0\r\na=ice-ufrag:xGzt\r\na=ice-pwd:DKW6r3ldDH6QqpeqDpp8zHAQ\r\na=ice-options:trickle\r\na=fingerprint:sha-256 1F:33:B5:7A:DE:A7:BE:E3:D2:77:68:71:95:3B:C4:D7:7B:3B:39:F8:38:59:C7:B1:1E:D2:46:86:1B:6E:DB:FE\r\na=setup:active\r\na=mid:0\r\na=extmap:1 urn:ietf:params:rtp-hdrext:toffset\r\na=extmap:2 http://www.webrtc.org/experiments/rtp-hdrext/abs-send-time\r\na=extmap:3 urn:3gpp:video-orientation\r\na=extmap:4 http://www.ietf.org/id/draft-holmer-rmcat-transport-wide-cc-extensions-01\r\na=extmap:5 http://www.webrtc.org/experiments/rtp-hdrext/playout-delay\r\na=extmap:6 http://www.webrtc.org/experiments/rtp-hdrext/video-content-type\r\na=extmap:7 http://www.webrtc.org/experiments/rtp-hdrext/video-timing\r\na=extmap:8 http://www.webrtc.org/experiments/rtp-hdrext/color-space\r\na=extmap:9 urn:ietf:params:rtp-hdrext:sdes:mid\r\na=extmap:10 urn:ietf:params:rtp-hdrext:sdes:rtp-stream-id\r\na=extmap:11 urn:ietf:params:rtp-hdrext:sdes:repaired-rtp-stream-id\r\na=recvonly\r\na=rtcp-mux\r\na=rtcp-rsize\r\na=rtpmap:96 H264/90000\r\na=rtcp-fb:96 goog-remb\r\na=rtcp-fb:96 transport-cc\r\na=rtcp-fb:96 ccm fir\r\na=rtcp-fb:96 nack\r\na=rtcp-fb:96 nack pli\r\na=fmtp:96 level-asymmetry-allowed=1;packetization-mode=1;profile-level-id=42001f\r\na=rtpmap:97 rtx/90000\r\na=fmtp:97 apt=96\r\na=rtpmap:98 H264/90000\r\na=rtcp-fb:98 goog-remb\r\na=rtcp-fb:98 transport-cc\r\na=rtcp-fb:98 ccm fir\r\na=rtcp-fb:98 nack\r\na=rtcp-fb:98 nack pli\r\na=fmtp:98 level-asymmetry-allowed=1;packetization-mode=0;profile-level-id=42001f\r\na=rtpmap:99 rtx/90000\r\na=fmtp:99 apt=98\r\na=rtpmap:100 H264/90000\r\na=rtcp-fb:100 goog-remb\r\na=rtcp-fb:100 transport-cc\r\na=rtcp-fb:100 ccm fir\r\na=rtcp-fb:100 nack\r\na=rtcp-fb:100 nack pli\r\na=fmtp:100 level-asymmetry-allowed=1;packetization-mode=1;profile-level-id=42e01f\r\na=rtpmap:101 rtx/90000\r\na=fmtp:101 apt=100\r\na=rtpmap:127 H264/90000\r\na=rtcp-fb:127 goog-remb\r\na=rtcp-fb:127 transport-cc\r\na=rtcp-fb:127 ccm fir\r\na=rtcp-fb:127 nack\r\na=rtcp-fb:127 nack pli\r\na=fmtp:127 level-asymmetry-allowed=1;packetization-mode=0;profile-level-id=42e01f\r\na=rtpmap:103 rtx/90000\r\na=fmtp:103 apt=127\r\na=rtpmap:104 H264/90000\r\na=rtcp-fb:104 goog-remb\r\na=rtcp-fb:104 transport-cc\r\na=rtcp-fb:104 ccm fir\r\na=rtcp-fb:104 nack\r\na=rtcp-fb:104 nack pli\r\na=fmtp:104 level-asymmetry-allowed=1;packetization-mode=1;profile-level-id=4d001f\r\na=rtpmap:105 rtx/90000\r\na=fmtp:105 apt=104\r\na=rtpmap:35 H264/90000\r\na=rtcp-fb:35 goog-remb\r\na=rtcp-fb:35 transport-cc\r\na=rtcp-fb:35 ccm fir\r\na=rtcp-fb:35 nack\r\na=rtcp-fb:35 nack pli\r\na=fmtp:35 level-asymmetry-allowed=1;packetization-mode=0;profile-level-id=4d001f\r\na=rtpmap:36 rtx/90000\r\na=fmtp:36 apt=35\r\na=rtpmap:106 red/90000\r\na=rtpmap:107 rtx/90000\r\na=fmtp:107 apt=106\r\na=rtpmap:108 ulpfec/90000\r\n",
	"type" : "answer"
}
Send: HTTP/1.1 200 OK
Server: PeerConnectionTestServer/0.1
Cache-Control: no-cache
Connection: close
Content-Type: text/plain
Content-Length: 0
Access-Control-Allow-Origin: *
Access-Control-Allow-Credentials: true
Access-Control-Allow-Methods: POST, GET, OPTIONS
Access-Control-Allow-Headers: Content-Type, Content-Length, Connection, Cache-Control
Access-Control-Expose-Headers: Content-Length


Send: HTTP/1.1 200 OK
Server: PeerConnectionTestServer/0.1
Cache-Control: no-cache
Connection: close
Content-Type: text/plain
Content-Length: 0
Access-Control-Allow-Origin: *
Access-Control-Allow-Credentials: true
Access-Control-Allow-Methods: POST, GET, OPTIONS
Access-Control-Allow-Headers: Content-Type, Content-Length, Connection, Cache-Control
Access-Control-Expose-Headers: Content-Length


Send: HTTP/1.1 200 OK
Server: PeerConnectionTestServer/0.1
Cache-Control: no-cache
Connection: close
Content-Type: text/plain
Content-Length: 179
Pragma: 2
Access-Control-Allow-Origin: *
Access-Control-Allow-Credentials: true
Access-Control-Allow-Methods: POST, GET, OPTIONS
Access-Control-Allow-Headers: Content-Type, Content-Length, Connection, Cache-Control
Access-Control-Expose-Headers: Content-Length

{
	"candidate" : "candidate:1293574542 1 udp 2122194687 143.89.192.50 37952 typ host generation 0 ufrag iVu3 network-id 2 network-cost 50",
	"sdpMLineIndex" : 0,
	"sdpMid" : "0"
}
Send: HTTP/1.1 200 OK
Server: PeerConnectionTestServer/0.1
Cache-Control: no-cache
Connection: close
Content-Type: text/plain
Content-Length: 175
Pragma: 1
Access-Control-Allow-Origin: *
Access-Control-Allow-Credentials: true
Access-Control-Allow-Methods: POST, GET, OPTIONS
Access-Control-Allow-Headers: Content-Type, Content-Length, Connection, Cache-Control
Access-Control-Expose-Headers: Content-Length

{
	"candidate" : "candidate:193122755 1 udp 2122260223 100.64.0.2 37597 typ host generation 0 ufrag xGzt network-id 1 network-cost 50",
	"sdpMLineIndex" : 0,
	"sdpMid" : "0"
}
Send: HTTP/1.1 200 OK
Server: PeerConnectionTestServer/0.1
Cache-Control: no-cache
Connection: close
Content-Type: text/plain
Content-Length: 0
Access-Control-Allow-Origin: *
Access-Control-Allow-Credentials: true
Access-Control-Allow-Methods: POST, GET, OPTIONS
Access-Control-Allow-Headers: Content-Type, Content-Length, Connection, Cache-Control
Access-Control-Expose-Headers: Content-Length


Send: HTTP/1.1 200 OK
Server: PeerConnectionTestServer/0.1
Cache-Control: no-cache
Connection: close
Content-Type: text/plain
Content-Length: 0
Access-Control-Allow-Origin: *
Access-Control-Allow-Credentials: true
Access-Control-Allow-Methods: POST, GET, OPTIONS
Access-Control-Allow-Headers: Content-Type, Content-Length, Connection, Cache-Control
Access-Control-Expose-Headers: Content-Length


Send: HTTP/1.1 200 OK
Server: PeerConnectionTestServer/0.1
Cache-Control: no-cache
Connection: close
Content-Type: text/plain
Content-Length: 176
Pragma: 2
Access-Control-Allow-Origin: *
Access-Control-Allow-Credentials: true
Access-Control-Allow-Methods: POST, GET, OPTIONS
Access-Control-Allow-Headers: Content-Type, Content-Length, Connection, Cache-Control
Access-Control-Expose-Headers: Content-Length

{
	"candidate" : "candidate:3320231207 1 udp 2122129151 100.64.0.1 48371 typ host generation 0 ufrag iVu3 network-id 3 network-cost 50",
	"sdpMLineIndex" : 0,
	"sdpMid" : "0"
}
Send: HTTP/1.1 200 OK
Server: PeerConnectionTestServer/0.1
Cache-Control: no-cache
Connection: close
Content-Type: text/plain
Content-Length: 192
Pragma: 1
Access-Control-Allow-Origin: *
Access-Control-Allow-Credentials: true
Access-Control-Allow-Methods: POST, GET, OPTIONS
Access-Control-Allow-Headers: Content-Type, Content-Length, Connection, Cache-Control
Access-Control-Expose-Headers: Content-Length

{
	"candidate" : "candidate:4113040727 1 tcp 1518280447 100.64.0.2 38489 typ host tcptype passive generation 0 ufrag xGzt network-id 1 network-cost 50",
	"sdpMLineIndex" : 0,
	"sdpMid" : "0"
}
Send: HTTP/1.1 200 OK
Server: PeerConnectionTestServer/0.1
Cache-Control: no-cache
Connection: close
Content-Type: text/plain
Content-Length: 0
Access-Control-Allow-Origin: *
Access-Control-Allow-Credentials: true
Access-Control-Allow-Methods: POST, GET, OPTIONS
Access-Control-Allow-Headers: Content-Type, Content-Length, Connection, Cache-Control
Access-Control-Expose-Headers: Content-Length


Send: HTTP/1.1 200 OK
Server: PeerConnectionTestServer/0.1
Cache-Control: no-cache
Connection: close
Content-Type: text/plain
Content-Length: 0
Access-Control-Allow-Origin: *
Access-Control-Allow-Credentials: true
Access-Control-Allow-Methods: POST, GET, OPTIONS
Access-Control-Allow-Headers: Content-Type, Content-Length, Connection, Cache-Control
Access-Control-Expose-Headers: Content-Length


Send: HTTP/1.1 200 OK
Server: PeerConnectionTestServer/0.1
Cache-Control: no-cache
Connection: close
Content-Type: text/plain
Content-Length: 195
Pragma: 2
Access-Control-Allow-Origin: *
Access-Control-Allow-Credentials: true
Access-Control-Allow-Methods: POST, GET, OPTIONS
Access-Control-Allow-Headers: Content-Type, Content-Length, Connection, Cache-Control
Access-Control-Expose-Headers: Content-Length

{
	"candidate" : "candidate:3914496603 1 tcp 1518280447 143.89.46.221 57239 typ host tcptype passive generation 0 ufrag iVu3 network-id 1 network-cost 50",
	"sdpMLineIndex" : 0,
	"sdpMid" : "0"
}
Send: HTTP/1.1 200 OK
Server: PeerConnectionTestServer/0.1
Cache-Control: no-cache
Connection: close
Content-Type: text/plain
Content-Length: 0
Access-Control-Allow-Origin: *
Access-Control-Allow-Credentials: true
Access-Control-Allow-Methods: POST, GET, OPTIONS
Access-Control-Allow-Headers: Content-Type, Content-Length, Connection, Cache-Control
Access-Control-Expose-Headers: Content-Length


Send: HTTP/1.1 200 OK
Server: PeerConnectionTestServer/0.1
Cache-Control: no-cache
Connection: close
Content-Type: text/plain
Content-Length: 195
Pragma: 2
Access-Control-Allow-Origin: *
Access-Control-Allow-Credentials: true
Access-Control-Allow-Methods: POST, GET, OPTIONS
Access-Control-Allow-Headers: Content-Type, Content-Length, Connection, Cache-Control
Access-Control-Expose-Headers: Content-Length

{
	"candidate" : "candidate:3014702362 1 tcp 1518214911 143.89.192.50 58655 typ host tcptype passive generation 0 ufrag iVu3 network-id 2 network-cost 50",
	"sdpMLineIndex" : 0,
	"sdpMid" : "0"
}
Send: HTTP/1.1 200 OK
Server: PeerConnectionTestServer/0.1
Cache-Control: no-cache
Connection: close
Content-Type: text/plain
Content-Length: 0
Access-Control-Allow-Origin: *
Access-Control-Allow-Credentials: true
Access-Control-Allow-Methods: POST, GET, OPTIONS
Access-Control-Allow-Headers: Content-Type, Content-Length, Connection, Cache-Control
Access-Control-Expose-Headers: Content-Length


Send: HTTP/1.1 200 OK
Server: PeerConnectionTestServer/0.1
Cache-Control: no-cache
Connection: close
Content-Type: text/plain
Content-Length: 191
Pragma: 2
Access-Control-Allow-Origin: *
Access-Control-Allow-Credentials: true
Access-Control-Allow-Methods: POST, GET, OPTIONS
Access-Control-Allow-Headers: Content-Type, Content-Length, Connection, Cache-Control
Access-Control-Expose-Headers: Content-Length

{
	"candidate" : "candidate:994861491 1 tcp 1518149375 100.64.0.1 39001 typ host tcptype passive generation 0 ufrag iVu3 network-id 3 network-cost 50",
	"sdpMLineIndex" : 0,
	"sdpMid" : "0"
}
/home/xiangjie/sparkrtc/out/t/peerconnection_localvideo --recon recon/recon.yuv --server 100.64.0.1 --logname recv --port 8989 2> logs/recv_stderr.log &

Test Done!
cp: -r not specified; omitting directory 'logs/stall_windows'
cp: -r not specified; omitting directory 'logs/stall_windows_test'
